[www.google-analytics.com/analytics.js]
[backblue.gif]
[fade.gif]
[index.html]
[ajax.googleapis.com/ajax/libs/jquery/2.1.3/jquery.min.js]
[cdn.shopify.com/s/files/1/0271/6419/t/23/assets/style4885.css]
[cdn.shopify.com/s/files/1/0271/6419/t/23/assets/favicon49be.ico]
[cdn.shopify.com/s/files/1/0271/6419/t/23/assets/apple-touch-icon-57x5758b6.png]
[cdn.shopify.com/s/files/1/0271/6419/t/23/assets/apple-touch-icon-60x6060a6.png]
[cdn.shopify.com/s/files/1/0271/6419/t/23/assets/apple-touch-icon-72x72d589.png]
[cdn.shopify.com/s/files/1/0271/6419/t/23/assets/apple-touch-icon-76x76937a.png]
[cdn.shopify.com/s/files/1/0271/6419/t/23/assets/apple-touch-icon-114x1146da6.png]
[cdn.shopify.com/s/files/1/0271/6419/t/23/assets/apple-touch-icon-120x120552d.png]
[cdn.shopify.com/s/files/1/0271/6419/t/23/assets/apple-touch-icon-144x144a7d2.png]
[cdn.shopify.com/s/files/1/0271/6419/t/23/assets/apple-touch-icon-152x152997f.png]
[cdn.shopify.com/s/files/1/0271/6419/t/23/assets/apple-touch-icon-180x180b19e.png]
[cdn.shopify.com/s/files/1/0271/6419/t/23/assets/favicon-32x32cd0c.png]
[cdn.shopify.com/s/files/1/0271/6419/t/23/assets/android-chrome-192x192589c.png]
[cdn.shopify.com/s/files/1/0271/6419/t/23/assets/favicon-96x96c2a7.png]
[cdn.shopify.com/s/files/1/0271/6419/t/23/assets/favicon-16x162f05.png]
[cdn.shopify.com/s/files/1/0271/6419/t/23/assets/safari-pinned-tab2dd9.svg]
[cdn.shopify.com/shopifycloud/storefront-recaptcha-v3/v0.6/index.js]
[cdn.shopify.com/shopifycloud/shopify/assets/storefront/load_feature-e154599399e6b8b29dcb1102cc76eb199fa33a09af4fa78d15e8f8544ee64fcd.js]
[cdn.shopify.com/shopifycloud/shopify/assets/shopify_pay/storefront-c31d2fa4962d2ef90b673e945ee33f4f87302b97d0882cd8e83a629b84b30dabb805.js]
[cdn.shopify.com/shopifycloud/shopify/assets/storefront/features-87e8399988880142f2c62771b9d8f2ff6c290b3ff745dd426eb0dfe0db9d1dae.js]
[cdn.shopify.com/shopifycloud/shopify/assets/themes_support/option_selection-9f517843f664ad329c689020fb1e45d03cac979f64b9eb1651ea32858b0ff452.js]
[cdn.shopify.com/s/trekkie.storefront.ab3032c28027516fdaebe33d84256417cef9e6d8.min.js]
[cdn.shopify.com/shopifycloud/shopify/assets/shop_events_listener-65cd0ba3fcd81a1df33f2510ec5bcf8c0e0958653b50e3965ec972dd638ee13f.js]
[cdn.shopify.com/shopifycloud/boomerang/shopify-boomerang-1.0.0.min.js]
[connect.facebook.net/en_US/all.js]
[cdn.shopify.com/s/files/1/0271/6419/t/23/assets/logo9721.png]
[cdn.shopify.com/s/files/1/0271/6419/t/23/assets/menu_arrow_down_black6a40.png]
[bleepbleeps.itsallmememe.com/pages/sammy-screamer-motion-alarm.html]
[cdn.shopify.com/s/files/1/0271/6419/t/23/assets/product-slide-11daf.png]
[cdn.shopify.com/s/files/1/0271/6419/t/23/assets/suzy-snooze-sqef34.png]
[bleepbleeps.itsallmememe.com/pages/benjamin-brush-smart-music-toothbrush.html]
[cdn.shopify.com/s/files/1/0271/6419/t/23/assets/benjamin-brush-sq41b8.png]
[bleepbleeps.itsallmememe.com/pages/tony-tempa-smart-thermometer.html]
[cdn.shopify.com/s/files/1/0271/6419/t/23/assets/tony-tempa-mobile-sqe5d7.png]
[cdn.shopify.com/s/files/1/0271/6419/t/23/assets/lily-loco-mobile-sq3d18.png]
[bleepbleeps.itsallmememe.com/pages/lily-loco-location-tracker.html]
[bleepbleeps.itsallmememe.com/pages/hungry-henry-smart-feed-warmer.html]
[cdn.shopify.com/s/files/1/0271/6419/t/23/assets/hungry-henry-mobile-sqdbac.png]
[bleepbleeps.itsallmememe.com/pages/andy-cam-video-baby-monitor.html]
[cdn.shopify.com/s/files/1/0271/6419/t/23/assets/andy-cam-mobile-sq30b7.png]
[bleepbleeps.itsallmememe.com/pages/tommy-time-location-watch.html]
[cdn.shopify.com/s/files/1/0271/6419/t/23/assets/tommy-time-sqa7dc.png]
[bleepbleeps.itsallmememe.com/cart.html]
[cdn.shopify.com/s/files/1/0271/6419/t/23/assets/TonyTempaBleep19f5f.mp3]
[cdn.shopify.com/s/files/1/0271/6419/t/23/assets/TonyTempaBleep14d6e.ogg]
[cdn.shopify.com/s/files/1/0271/6419/t/23/assets/sammyScreamer_home2fee.png]
[cdn.shopify.com/s/files/1/0271/6419/t/23/assets/suzy-snooze-home-2a753.png]
[cdn.shopify.com/s/files/1/0271/6419/t/23/assets/benjamin-brush-home2385.png]
[cdn.shopify.com/s/files/1/0271/6419/t/23/assets/tony-tempa-home2812.png]
[cdn.shopify.com/s/files/1/0271/6419/t/23/assets/lily-loco-homec686.png]
[cdn.shopify.com/s/files/1/0271/6419/t/23/assets/hungry-henry-home70de.png]
[cdn.shopify.com/s/files/1/0271/6419/t/23/assets/andy-cam-homef308.png]
[cdn.shopify.com/s/files/1/0271/6419/t/23/assets/tommy-time-home81ba.png]
[cdn.shopify.com/s/files/1/0271/6419/t/23/assets/smart-familybbc2.png]
[cdn.shopify.com/s/files/1/0271/6419/t/23/assets/benjamin_home8962.png]
[cdn.shopify.com/s/files/1/0271/6419/t/23/assets/product-hand9c35.png]
[cdn.shopify.com/s/files/1/0271/6419/t/23/assets/suzy-snooze-home-3426f.png]
[fast.wistia.com/assets/external/popover-v1.js]
[cdn.shopify.com/s/files/1/0271/6419/t/23/assets/logo-amazon26ed.png]
[cdn.shopify.com/s/files/1/0271/6419/t/23/assets/logo-bestbuyc89f.png]
[cdn.shopify.com/s/files/1/0271/6419/t/23/assets/logo-conran5f0b.png]
[cdn.shopify.com/s/files/1/0271/6419/t/23/assets/logo-harrods8899.png]
[cdn.shopify.com/s/files/1/0271/6419/t/23/assets/logo-selfridgesa439.png]
[cdn.shopify.com/s/files/1/0271/6419/t/23/assets/logo-targetb2c5.png]
[cdn.shopify.com/s/files/1/0271/6419/t/23/assets/homepage-hero-suzy-mobile2990.png]
[cdn.shopify.com/s/files/1/0271/6419/t/23/assets/homepage-hero-benjamin-mobile4511.png]
[cdn.shopify.com/s/files/1/0271/6419/t/23/assets/homepage-hero-tony-mobilea895.png]
[cdn.shopify.com/s/files/1/0271/6419/t/23/assets/homepage-hero-sammy-mobile92e8.png]
[cdn.shopify.com/s/files/1/0271/6419/t/23/assets/homepage-hero-henry-mobile9301.png]
[cdn.shopify.com/s/files/1/0271/6419/t/23/assets/homepage-hero-lily-mobile39d3.png]
[cdn.shopify.com/s/files/1/0271/6419/t/23/assets/homepage-hero-andy-mobile6e06.png]
[cdn.shopify.com/s/files/1/0271/6419/t/23/assets/homepage-hero-tommy-mobile4ec9.png]
[cdn.shopify.com/s/files/1/0271/6419/t/23/assets/logo-telegraph-whitebc5f.png]
[cdn.shopify.com/s/files/1/0271/6419/t/23/assets/logo-wired-whitec18a.png]
[cdn.shopify.com/s/files/1/0271/6419/t/23/assets/logo-daily-mail-white36d7.png]
[cdn.shopify.com/s/files/1/0271/6419/t/23/assets/logo-mashable-whitef28c.png]
[cdn.shopify.com/s/files/1/0271/6419/t/23/assets/logo-techcrunch-whitefcc2.png]
[cdn.shopify.com/s/files/1/0271/6419/t/23/assets/logo-living-white0843.png]
[cdn.shopify.com/s/files/1/0271/6419/t/23/assets/icon-blogbloge4f5.png]
[cdn.shopify.com/s/files/1/0271/6419/t/23/assets/icon-instagramab2e.png]
[cdn.shopify.com/s/files/1/0271/6419/t/23/assets/icon-pinterestb823.png]
[cdn.shopify.com/s/files/1/0271/6419/t/23/assets/icon-youtube3ea8.png]
[cdn.shopify.com/s/files/1/0271/6419/t/23/assets/icon-facebook92d0.png]
[cdn.shopify.com/s/files/1/0271/6419/t/23/assets/icon-twitter8d5b.png]
[bleepbleeps.itsallmememe.com/pages/terms-of-sale.html]
[bleepbleeps.itsallmememe.com/pages/cookies.html]
[bleepbleeps.itsallmememe.com/pages/privacy.html]
[bleepbleeps.itsallmememe.com/pages/app_terms.html]
[cdn.shopify.com/s/files/1/0271/6419/t/23/assets/jquery.slides.min93dc.js]
[cdn.shopify.com/s/files/1/0271/6419/t/23/assets/scriptb4a7.js]
[cdn.shopify.com/s/files/1/0271/6419/t/23/assets/front-page-only8aec.js]
[cdn.shopify.com/s/files/1/0271/6419/t/23/assets/jquery.fancybox8e65.js]
[cdn.shopify.com/s/files/1/0271/6419/t/23/assets/jquery.elevatezoom2e5b.js]
[cdn.shopify.com/s/files/1/0271/6419/t/23/assets/jquery.themeb8c2.js]
[cdn.shopify.com/s/files/1/0271/6419/t/23/assets/product5452.js]
[www.googleadservices.com/pagead/f.txt]
[googleads.g.doubleclick.net/pagead/viewthroughconversion/949002992/indexa96a.html]
[cdnjs.cloudflare.com/ajax/libs/spin.js/2.3.2/spin.min.js]
[ajax.googleapis.com/ajax/libs/jquery/3.2.1/jquery.min.js]
[amaicdn.com/preorder2/common.js]
[bleepbleeps.itsallmememe.com/index.html]
[www.google.com/recaptcha/apibd5f.js]
[www.googletagmanager.com/gtm5445.html]
[cdn.shopify.com/s/files/1/0271/6419/t/23/assets/style4885.css]
[cdn.shopify.com/s/files/1/0271/6419/t/23/assets/safari-pinned-tab2dd9.svg]
[monorail-edge.shopifysvc.com/index.html]
[bleepbleeps.itsallmememe.com/POST.html]
[connect.facebook.net/en_US/all.js]
[bleepbleeps.itsallmememe.com/pages/POST.c3.delayed]
[cdn.shopify.com/s/files/1/0271/6419/t/23/assets/thumb-suzyee16.png]
[cdn.shopify.com/s/files/1/0271/6419/t/23/assets/suzy-front-orange-new-28730.png]
[cdn.shopify.com/s/files/1/0271/6419/t/23/assets/apple-store-logod3ad.svg]
[cdn.shopify.com/s/files/1/0271/6419/t/23/assets/google-play-logo1241.svg]
[cdn.shopify.com/s/files/1/0271/6419/t/23/assets/app-suzy-2-bedtime6d5b.png]
[cdn.shopify.com/s/files/1/0271/6419/t/23/assets/suzy-lifestyle-15941.png]
[cdn.shopify.com/s/files/1/0271/6419/t/23/assets/suzy-lifestyle-2a6cd.png]
[cdn.shopify.com/s/files/1/0271/6419/t/23/assets/suzy-lifestyle-377d0.png]
[cdn.shopify.com/s/files/1/0271/6419/t/23/assets/profile-sally-pice050.png]
[cdn.shopify.com/s/files/1/0271/6419/t/23/assets/profile-charlotte-picbcef.png]
[cdn.shopify.com/s/files/1/0271/6419/t/23/assets/profile-carly-pic3b24.png]
[cdn.shopify.com/s/files/1/0271/6419/t/23/assets/suzy-slide-177e3.jpg]
[cdn.shopify.com/s/files/1/0271/6419/t/23/assets/suzy-slide-2d6fa.jpg]
[cdn.shopify.com/s/files/1/0271/6419/t/23/assets/suzy-slide-3a275.jpg]
[cdn.shopify.com/s/files/1/0271/6419/t/23/assets/suzy-slide-4a6b9.jpg]
[cdn.shopify.com/s/files/1/0271/6419/t/23/assets/suzy-slide-55700.jpg]
[cdn.shopify.com/s/files/1/0271/6419/t/23/assets/suzy-slide-6c4d2.jpg]
[cdn.shopify.com/s/files/1/0271/6419/t/23/assets/suzy-slide-73aab.jpg]
[cdn.shopify.com/s/files/1/0271/6419/t/23/assets/suzy-slide-88ecc.jpg]
[cdn.shopify.com/s/files/1/0271/6419/t/23/assets/suzy-slide-9d129.jpg]
[cdn.shopify.com/s/files/1/0271/6419/t/23/assets/suzy-slide-102825.jpg]
[cdn.shopify.com/s/files/1/0271/6419/t/23/assets/suzy-slide-111a73.jpg]
[cdn.shopify.com/s/files/1/0271/6419/t/23/assets/suzy-slide-12ddcd.jpg]
[cdn.shopify.com/s/files/1/0271/6419/t/23/assets/suzy-slide-135249.jpg]
[cdn.shopify.com/s/files/1/0271/6419/t/23/assets/suzy-slide-14a00b.jpg]
[cdn.shopify.com/s/files/1/0271/6419/t/23/assets/suzy-slide-150344.jpg]
[cdn.shopify.com/s/files/1/0271/6419/t/23/assets/icon-microphonec520.png]
[cdn.shopify.com/s/files/1/0271/6419/t/23/assets/icon-soothing402a.png]
[cdn.shopify.com/s/files/1/0271/6419/t/23/assets/icon-nightlight7202.png]
[cdn.shopify.com/s/files/1/0271/6419/t/23/assets/icon-bede9e9.png]
[cdn.shopify.com/s/files/1/0271/6419/t/23/assets/icon-sad1ef1.png]
[cdn.shopify.com/s/files/1/0271/6419/t/23/assets/icon-wifiebe7.png]
[cdn.shopify.com/s/files/1/0271/6419/t/23/assets/suzy-bottom-orangeef62.png]
[bleepbleeps.itsallmememe.com/pages/suzy-snooze-smart-nightlight.html]
[cdn.shopify.com/s/files/1/0271/6419/t/23/assets/app-screengrab1e0c.png]
[cdn.shopify.com/s/files/1/0271/6419/t/23/assets/store-apple12cf.png]
[cdn.shopify.com/s/files/1/0271/6419/t/23/assets/app-screengrab-androidd7da.png]
[cdn.shopify.com/s/files/1/0271/6419/t/23/assets/google-play7067.png]
[bleepbleeps.itsallmememe.com/pages/apps.html]
[feedproxy.google.com/bleepbleeps.118.delayed]
[bleepbleeps.itsallmememe.com/blogs/posts4658.html]
[bleepbleeps.itsallmememe.com/blogs/POST.11a.delayed]
[cdn.shopify.com/s/files/1/0271/6419/articles/Empty_Bedroom_Smaller763e.jpg]
[bleepbleeps.itsallmememe.com/blogs/posts/sleep-friendly-bedroom-for-your-kids.html]
[bleepbleeps.itsallmememe.com/blogs/posts/tagged/benjamin-brush.html]
[bleepbleeps.itsallmememe.com/blogs/posts/tagged/bleepbleeps.html]
[bleepbleeps.itsallmememe.com/blogs/posts/tagged/connected-home.html]
[bleepbleeps.itsallmememe.com/blogs/posts/tagged/featured.html]
[bleepbleeps.itsallmememe.com/blogs/posts/tagged/five-minutes-of.html]
[bleepbleeps.itsallmememe.com/blogs/posts/tagged/gadgets.html]
[bleepbleeps.itsallmememe.com/blogs/posts/tagged/internet-of-things.html]
[bleepbleeps.itsallmememe.com/blogs/posts/tagged/internetofthings.html]
[bleepbleeps.itsallmememe.com/blogs/posts/tagged/iot.html]
[bleepbleeps.itsallmememe.com/blogs/posts/tagged/life-stuff.html]
[bleepbleeps.itsallmememe.com/blogs/posts/tagged/parenting.html]
[bleepbleeps.itsallmememe.com/blogs/posts/tagged/routine-routine-routine.html]
[bleepbleeps.itsallmememe.com/blogs/posts/tagged/smart-home.html]
[bleepbleeps.itsallmememe.com/blogs/posts/tagged/suzy-snooze.html]
[bleepbleeps.itsallmememe.com/blogs/posts/tagged/the-loop.html]
[bleepbleeps.itsallmememe.com/blogs/posts/tagged/we-love-sleep.html]
[bleepbleeps.itsallmememe.com/blogs/posts/tagged/whatever-works.html]
[bleepbleeps.itsallmememe.com/blogs/posts/this-is-the-truth-about-teaching-your-baby-sign-language.html]
[cdn.shopify.com/s/files/1/0271/6419/articles/Baby_Sign_10e90.jpg]
[bleepbleeps.itsallmememe.com/blogs/posts/ten-gadgets-every-parent-needs.html]
[cdn.shopify.com/s/files/1/0271/6419/articles/Blog.PG.Baby_Bjorn5fbd.jpg]
[bleepbleeps.itsallmememe.com/blogs/posts/how-to-have-a-smart-home-that-makes-parenting-easier.html]
[cdn.shopify.com/s/files/1/0271/6419/articles/Blog.CH.Philips_Hueb503.jpg]
[bleepbleeps.itsallmememe.com/blogs/posts/twenty-top-parenting-hacks.html]
[cdn.shopify.com/s/files/1/0271/6419/articles/AdobeStock_69239327343.jpg]
[bleepbleeps.itsallmememe.com/blogs/posts/the-loop-52.html]
[cdn.shopify.com/s/files/1/0271/6419/articles/Lucas_22b99.jpg]
[bleepbleeps.itsallmememe.com/blogs/posts/cool-kids-stuff-for-a-friendlier-bathroom.html]
[cdn.shopify.com/s/files/1/0271/6419/articles/kid-o-pour-and-spin-submarine-yellow-1920x760_01f6af.jpg]
[bleepbleeps.itsallmememe.com/blogs/posts/the-loop-51.html]
[cdn.shopify.com/s/files/1/0271/6419/articles/My_Milk_Toof_Breakfast4978.jpg]
[bleepbleeps.itsallmememe.com/blogs/posts/five-parenting-tips-for-brushing-your-kids-teeth.html]
[cdn.shopify.com/s/files/1/0271/6419/articles/iStock-66544889875a7.jpg]
[bleepbleeps.itsallmememe.com/blogs/posts/benjamin-brush-is-now-available-to-pre-order-on-kickstarter.html]
[cdn.shopify.com/s/files/1/0271/6419/articles/Benjamin_Brush_-_Kickstarter_Photos_140_of_215_1b9fd.jpg]
[bleepbleeps.itsallmememe.com/blogs/posts/the-loop-50.html]
[cdn.shopify.com/s/files/1/0271/6419/articles/KITRA_53376.jpg]
[bleepbleeps.itsallmememe.com/blogs/posts/how-to-teach-your-toddler-to-brush-their-teeth-properly.html]
[cdn.shopify.com/s/files/1/0271/6419/articles/iStock-149353790ff07.jpg]
[bleepbleeps.itsallmememe.com/blogs/posts/the-loop-49.html]
[cdn.shopify.com/s/files/1/0271/6419/articles/Color_Factory_1_grande_f578edca-c957-4634-9632-04b57c9c5db61879.jpg]
[bleepbleeps.itsallmememe.com/blogs/posts9ba9.html]
[bleepbleeps.itsallmememe.com/blogs/posts.html]
[bleepbleeps.itsallmememe.com/collections/shop.atom]
[bleepbleeps.itsallmememe.com/blogs/posts1448.html]
[bleepbleeps.itsallmememe.com/collections/shop.oembed]
[bleepbleeps.itsallmememe.com/collections/POST]
[bleepbleeps.itsallmememe.com/products/suzy-snooze-smart-baby-monitor-sleep-trainer-nightlight.html]
[cdn.shopify.com/s/files/1/0271/6419/products/Suzy-Snooze-daytime_1024x1024c420.jpg]
[bleepbleeps.itsallmememe.com/products/sammy-screamer-motion-alarm.html]
[cdn.shopify.com/s/files/1/0271/6419/products/SS-red_1024x1024f4bb.png]
[bleepbleeps.itsallmememe.com/products/benjamin-brush-smart-music-toothbrush.html]
[cdn.shopify.com/s/files/1/0271/6419/products/Benjamin-Brush-PomPom-Green_1024x102498f9.jpg]
[bleepbleeps.itsallmememe.com/products/tony-tempa-smart-thermometer-pre-order.html]
[cdn.shopify.com/s/files/1/0271/6419/products/Tony-Tempa_1024x10249820.jpg]
[bleepbleeps.itsallmememe.com/products/lily-loco-location-tracker-pre-order.html]
[cdn.shopify.com/s/files/1/0271/6419/products/Lily-Loco-Pink_1024x10244e45.jpg]
[bleepbleeps.itsallmememe.com/products/hungry-henry-smart-feed-warmer-pre-order.html]
[cdn.shopify.com/s/files/1/0271/6419/products/Hungry-Henry_1024x10247bb8.jpg]
[bleepbleeps.itsallmememe.com/products/andy-cam-family-camera-video-baby-monitor-pre-order.html]
[cdn.shopify.com/s/files/1/0271/6419/products/Andy-Cam_1024x102416ed.jpg]
[bleepbleeps.itsallmememe.com/products/tommy-time-smartwatch-tracker.html]
[cdn.shopify.com/s/files/1/0271/6419/products/BB-Tommy-Time_1024x10244c29.jpg]
[bleepbleeps.itsallmememe.com/products/cable-for-suzy-snooze.html]
[cdn.shopify.com/s/files/1/0271/6419/products/cable_1024x1024c8bb.jpg]
[bleepbleeps.itsallmememe.com/collections/shop.html]
[cdn.shopify.com/s/files/1/0271/6419/t/23/assets/thumb-sammy1ec3.png]
[cdn.shopify.com/s/files/1/0271/6419/t/23/assets/sammy-slide-red46b4.png]
[cdn.shopify.com/s/files/1/0271/6419/t/23/assets/sammy-slide-orange686b.png]
[cdn.shopify.com/s/files/1/0271/6419/t/23/assets/sammy-slide-yellow6d59.png]
[cdn.shopify.com/s/files/1/0271/6419/t/23/assets/sammy-slide-green6ecb.png]
[cdn.shopify.com/s/files/1/0271/6419/t/23/assets/sammy-slide-bluef2fd.png]
[cdn.shopify.com/s/files/1/0271/6419/t/23/assets/sammy-slide-pinke5ea.png]
[cdn.shopify.com/s/files/1/0271/6419/t/23/assets/sammyLifestyle127e0.jpg]
[cdn.shopify.com/s/files/1/0271/6419/t/23/assets/sammyLifestyle25db3.jpg]
[cdn.shopify.com/s/files/1/0271/6419/t/23/assets/sammyLifestyle36474.jpg]
[cdn.shopify.com/s/files/1/0271/6419/t/23/assets/sammyLifestyle41106.jpg]
[cdn.shopify.com/s/files/1/0271/6419/t/23/assets/sammyLifestyle50104.jpg]
[cdn.shopify.com/s/files/1/0271/6419/t/23/assets/logo-telegraph2be8f.png]
[cdn.shopify.com/s/files/1/0271/6419/t/23/assets/logo-wired22095.png]
[cdn.shopify.com/s/files/1/0271/6419/t/23/assets/logo-daily-mail2216e.png]
[cdn.shopify.com/s/files/1/0271/6419/t/23/assets/icon-lanyard8c0d.png]
[cdn.shopify.com/s/files/1/0271/6419/t/23/assets/icon-magnetc31c.png]
[cdn.shopify.com/s/files/1/0271/6419/t/23/assets/icon-bluetooth85c6.png]
[cdn.shopify.com/s/files/1/0271/6419/t/23/assets/icon-coincell8827.png]
[cdn.shopify.com/s/files/1/0271/6419/t/23/assets/icon-coloursc872.png]
[cdn.shopify.com/s/files/1/0271/6419/t/23/assets/icon-phone3d7c.png]
[cdn.shopify.com/s/files/1/0271/6419/t/23/assets/icon-ce8f68.png]
[cdn.shopify.com/s/files/1/0271/6419/t/23/assets/icon-babyc55a.png]
[cdn.shopify.com/s/files/1/0271/6419/t/23/assets/icon-plastic0e3a.png]
[cdn.shopify.com/s/files/1/0271/6419/t/23/assets/packaging7a956.jpg]
[cdn.shopify.com/s/files/1/0271/6419/t/23/assets/packaging1e00c.jpg]
[cdn.shopify.com/s/files/1/0271/6419/t/23/assets/packaging2e5e0.jpg]
[cdn.shopify.com/s/files/1/0271/6419/t/23/assets/packaging32c6c.jpg]
[cdn.shopify.com/s/files/1/0271/6419/t/23/assets/packaging433b4.jpg]
[cdn.shopify.com/s/files/1/0271/6419/t/23/assets/packaging5c843.jpg]
[cdn.shopify.com/s/files/1/0271/6419/t/23/assets/packaging65e1e.jpg]
[bleepbleeps.itsallmememe.com/products/sammy-screamer-motion-alarm-2-pack-twins.1bf.delayed]
[cdn.shopify.com/s/files/1/0271/6419/products/sammyTwins_1024x10243b05.jpg]
[bleepbleeps.itsallmememe.com/products/sammy-screamer-motion-alarm-3-pack-triplets]
[cdn.shopify.com/s/files/1/0271/6419/products/sammyTriplets_1024x1024be0b.jpg]
[cdn.shopify.com/s/files/1/0271/6419/t/23/assets/sammyLifestyle66304.jpg]
[cdn.shopify.com/s/files/1/0271/6419/t/23/assets/sammyLifestyle7dabe.jpg]
[bleepbleeps.itsallmememe.com/pages/sammy-screamer-motion-alarm.html]
[cdn.shopify.com/s/files/1/0271/6419/t/23/assets/thumb-benjamin46ca.png]
[cdn.shopify.com/s/files/1/0271/6419/t/23/assets/benjamin-front-afro-green-3115c.png]
[cdn.shopify.com/s/files/1/0271/6419/t/23/assets/benjamin-front-afro-yellow-3d944.png]
[cdn.shopify.com/s/files/1/0271/6419/t/23/assets/benjamin-front-afro-pink-3b0f2.png]
[cdn.shopify.com/s/files/1/0271/6419/t/23/assets/benjamin-front-afro-red-3bf09.png]
[cdn.shopify.com/s/files/1/0271/6419/t/23/assets/benjamin-front-afro-orange-39285.png]
[cdn.shopify.com/s/files/1/0271/6419/t/23/assets/app-benjamin-brushf28c.png]
[cdn.shopify.com/s/files/1/0271/6419/t/23/assets/store-googlea347.png]
[cdn.shopify.com/s/files/1/0271/6419/t/23/assets/benjamin-speaker-2d843.png]
[cdn.shopify.com/s/files/1/0271/6419/t/23/assets/benjamin-brush-feature-03b816.png]
[cdn.shopify.com/s/files/1/0271/6419/t/23/assets/benjamin-brush-feature-045c1b.png]
[cdn.shopify.com/s/files/1/0271/6419/t/23/assets/benjamin-brush-feature-059a56.png]
[cdn.shopify.com/s/files/1/0271/6419/t/23/assets/benjamin-brush-feature-06784f.png]
[cdn.shopify.com/s/files/1/0271/6419/t/23/assets/benjamin-brush-feature-07b8a2.png]
[cdn.shopify.com/s/files/1/0271/6419/t/23/assets/benjamin-brush-feature-08978e.png]
[cdn.shopify.com/s/files/1/0271/6419/t/23/assets/benjamin-head-afro-green-22a03.png]
[cdn.shopify.com/s/files/1/0271/6419/t/23/assets/benjamin-heads-pom-pom-head-25b12.png]
[cdn.shopify.com/s/files/1/0271/6419/t/23/assets/benjamin-heads-grown-up-head-290af.png]
[cdn.shopify.com/s/files/1/0271/6419/t/23/assets/profile-emma-wd416.png]
[cdn.shopify.com/s/files/1/0271/6419/t/23/assets/profile-mumsnetab24.png]
[cdn.shopify.com/s/files/1/0271/6419/t/23/assets/profile-lyn-s2cdd.png]
[cdn.shopify.com/s/files/1/0271/6419/t/23/assets/icon-tuning-fork9ca6.png]
[cdn.shopify.com/s/files/1/0271/6419/t/23/assets/icon-bristles2772.png]
[cdn.shopify.com/s/files/1/0271/6419/t/23/assets/icon-hygenic6c41.png]
[cdn.shopify.com/s/files/1/0271/6419/t/23/assets/icon-bb-sounda322.png]
[cdn.shopify.com/s/files/1/0271/6419/t/23/assets/icon-umbrella2a10.png]
[cdn.shopify.com/s/files/1/0271/6419/t/23/assets/icon-usb0919.png]
[cdn.shopify.com/s/files/1/0271/6419/t/23/assets/benjamin-brush-bottoma697.png]
[bleepbleeps.itsallmememe.com/pages/benjamin-brush-smart-music-toothbrush.html]
[cdn.shopify.com/s/files/1/0271/6419/t/23/assets/tony-tempa-thumbfe66.png]
[cdn.shopify.com/s/files/1/0271/6419/t/23/assets/tony-tempa-image-24cbf.png]
[cdn.shopify.com/s/files/1/0271/6419/t/23/assets/tony-tempa-app01b9.png]
[cdn.shopify.com/s/files/1/0271/6419/t/23/assets/tony-tempa-feature-03ebd9.png]
[cdn.shopify.com/s/files/1/0271/6419/t/23/assets/tony-tempa-feature-045195.png]
[cdn.shopify.com/s/files/1/0271/6419/t/23/assets/tony-tempa-feature-05428e.png]
[cdn.shopify.com/s/files/1/0271/6419/t/23/assets/tony-tempa-feature-06421f.png]
[cdn.shopify.com/s/files/1/0271/6419/t/23/assets/icon-led4bea.png]
[cdn.shopify.com/s/files/1/0271/6419/t/23/assets/icon-thermometer661c.png]
[cdn.shopify.com/s/files/1/0271/6419/t/23/assets/icon-battery9d83.png]
[cdn.shopify.com/s/files/1/0271/6419/t/23/assets/tony-tempa-bottom6a4a.png]
[bleepbleeps.itsallmememe.com/pages/tony-tempa-smart-thermometer.html]
[cdn.shopify.com/s/files/1/0271/6419/t/23/assets/lily-loco-thumb9291.png]
[cdn.shopify.com/s/files/1/0271/6419/t/23/assets/lily-loco-imagefc1c.png]
[cdn.shopify.com/s/files/1/0271/6419/t/23/assets/lily-loco-app9d07.png]
[cdn.shopify.com/s/files/1/0271/6419/t/23/assets/lily-loco-feature-03fc69.png]
[cdn.shopify.com/s/files/1/0271/6419/t/23/assets/lily-loco-feature-041cb1.png]
[cdn.shopify.com/s/files/1/0271/6419/t/23/assets/lily-loco-feature-056915.png]
[cdn.shopify.com/s/files/1/0271/6419/t/23/assets/lily-loco-feature-069254.png]
[cdn.shopify.com/s/files/1/0271/6419/t/23/assets/lily-loco-feature-07638a.png]
[cdn.shopify.com/s/files/1/0271/6419/t/23/assets/icon-locationec73.png]
[cdn.shopify.com/s/files/1/0271/6419/t/23/assets/icon-gps16dc.png]
[cdn.shopify.com/s/files/1/0271/6419/t/23/assets/lily-loco-bottom233f.png]
[bleepbleeps.itsallmememe.com/pages/lily-loco-location-tracker.html]
[cdn.shopify.com/s/files/1/0271/6419/t/23/assets/hungry-henry-thumb46c7.png]
[cdn.shopify.com/s/files/1/0271/6419/t/23/assets/hungry-henry-024207.png]
[cdn.shopify.com/s/files/1/0271/6419/t/23/assets/hungry-henry-0300ea.png]
[cdn.shopify.com/s/files/1/0271/6419/t/23/assets/hungry-henry-04306c.png]
[cdn.shopify.com/s/files/1/0271/6419/t/23/assets/hungry-henry-05f788.png]
[cdn.shopify.com/s/files/1/0271/6419/t/23/assets/hungry-henry-06a000.png]
[cdn.shopify.com/s/files/1/0271/6419/t/23/assets/hungry-henry-07430c.png]
[cdn.shopify.com/s/files/1/0271/6419/t/23/assets/hungry-henry-08c483.png]
[cdn.shopify.com/s/files/1/0271/6419/t/23/assets/hungry-henry-0931a1.png]
[cdn.shopify.com/s/files/1/0271/6419/t/23/assets/hungry-henry-10951b.png]
[bleepbleeps.itsallmememe.com/pages/hungry-henry-smart-feed-warmer.html]
[cdn.shopify.com/s/files/1/0271/6419/t/23/assets/andy-cam-thumb5699.png]
[cdn.shopify.com/s/files/1/0271/6419/t/23/assets/andy-cam-meet-image2097.png]
[cdn.shopify.com/s/files/1/0271/6419/t/23/assets/andy-cam-features-0229e4.png]
[cdn.shopify.com/s/files/1/0271/6419/t/23/assets/andy-cam-features-030022.png]
[cdn.shopify.com/s/files/1/0271/6419/t/23/assets/andy-cam-features-04ef2b.png]
[cdn.shopify.com/s/files/1/0271/6419/t/23/assets/andy-cam-features-05a2e4.png]
[cdn.shopify.com/s/files/1/0271/6419/t/23/assets/andy-cam-features-06a922.png]
[cdn.shopify.com/s/files/1/0271/6419/t/23/assets/andy-cam-features-07b7a1.png]
[cdn.shopify.com/s/files/1/0271/6419/t/23/assets/andy-cam-features-089c75.png]
[cdn.shopify.com/s/files/1/0271/6419/t/23/assets/andy-cam-features-09c0d0.png]
[cdn.shopify.com/s/files/1/0271/6419/t/23/assets/icon-camerae9c4.png]
[cdn.shopify.com/s/files/1/0271/6419/t/23/assets/icon-photo7c75.png]
[cdn.shopify.com/s/files/1/0271/6419/t/23/assets/andy-cam-bottomf29d.png]
[bleepbleeps.itsallmememe.com/pages/andy-cam-video-baby-monitor.html]
[bleepbleeps.itsallmememe.com/pages/tommy-time-location-watch.html]
[bleepbleeps.itsallmememe.com/cart.html]
[bleepbleeps.itsallmememe.com/collections/all.html]
[bleepbleeps.itsallmememe.com/pages/help.bleepbleeps.27f.delayed]
[bleepbleeps.itsallmememe.com/pages/terms-of-sale.html]
[bleepbleeps.itsallmememe.com/pages/privacy.html]
[bleepbleeps.itsallmememe.com/pages/cookies.html]
[bleepbleeps.itsallmememe.com/pages/www.bleepbleeps.com]
[bleepbleeps.itsallmememe.com/pages/www.bleepbleeps.com/pages/privacy]
[bleepbleeps.itsallmememe.com/pages/www.bleepbleeps.com/pages/cookies]
[bleepbleeps.itsallmememe.com/pages/www.bleepbleeps.com/pages/terms-of-sale]
[bleepbleeps.itsallmememe.com/pages/app_terms.html]
[amaicdn.com/preorder2/common.js]
[bleepbleeps.itsallmememe.com/pages/POST.html]
[cdn.shopify.com/s/files/1/0271/6419/t/23/assets/apple-store-logod3ad.svg]
[cdn.shopify.com/s/files/1/0271/6419/t/23/assets/google-play-logo1241.svg]
[feedproxy.google.com/bleepbleeps.html]
[bleepbleeps.itsallmememe.com/blogs/posts4658.html]
[bleepbleeps.itsallmememe.com/blogs/POST.html]
[bleepbleeps.itsallmememe.com/blogs/posts2679.html]
[bleepbleeps.itsallmememe.com/blogs/posts/sleep-friendly-bedroom-for-your-kids.html]
[bleepbleeps.itsallmememe.com/blogs/posts/tagged/benjamin-brush.html]
[bleepbleeps.itsallmememe.com/blogs/posts/tagged/bleepbleeps.html]
[bleepbleeps.itsallmememe.com/blogs/posts/tagged/connected-home.html]
[bleepbleeps.itsallmememe.com/blogs/posts/tagged/featured.html]
[bleepbleeps.itsallmememe.com/blogs/posts/tagged/featured4658.html]
[bleepbleeps.itsallmememe.com/blogs/posts/tagged/five-minutes-of.html]
[bleepbleeps.itsallmememe.com/blogs/posts/tagged/gadgets.html]
[bleepbleeps.itsallmememe.com/blogs/posts/tagged/internet-of-things.html]
[bleepbleeps.itsallmememe.com/blogs/posts/tagged/internetofthings.html]
[bleepbleeps.itsallmememe.com/blogs/posts/tagged/iot.html]
[bleepbleeps.itsallmememe.com/blogs/posts/tagged/life-stuff.html]
[bleepbleeps.itsallmememe.com/blogs/posts/tagged/parenting.html]
[bleepbleeps.itsallmememe.com/blogs/posts/tagged/routine-routine-routine.html]
[bleepbleeps.itsallmememe.com/blogs/posts/tagged/smart-home.html]
[bleepbleeps.itsallmememe.com/blogs/posts/tagged/suzy-snooze.html]
[bleepbleeps.itsallmememe.com/blogs/posts/tagged/the-loop.html]
[bleepbleeps.itsallmememe.com/blogs/posts/tagged/we-love-sleep.html]
[bleepbleeps.itsallmememe.com/blogs/posts/tagged/whatever-works.html]
[bleepbleeps.itsallmememe.com/blogs/posts/tagged/the-loop4658.html]
[bleepbleeps.itsallmememe.com/blogs/posts/tagged/five-minutes-of4658.html]
[bleepbleeps.itsallmememe.com/blogs/posts/this-is-the-truth-about-teaching-your-baby-sign-language.html]
[bleepbleeps.itsallmememe.com/blogs/posts/ten-gadgets-every-parent-needs.html]
[bleepbleeps.itsallmememe.com/blogs/posts/how-to-have-a-smart-home-that-makes-parenting-easier.html]
[bleepbleeps.itsallmememe.com/blogs/posts/twenty-top-parenting-hacks.html]
[bleepbleeps.itsallmememe.com/blogs/posts/the-loop-52.html]
[bleepbleeps.itsallmememe.com/blogs/posts/cool-kids-stuff-for-a-friendlier-bathroom.html]
[bleepbleeps.itsallmememe.com/blogs/posts/the-loop-51.html]
[bleepbleeps.itsallmememe.com/blogs/posts/five-parenting-tips-for-brushing-your-kids-teeth.html]
[bleepbleeps.itsallmememe.com/blogs/posts/benjamin-brush-is-now-available-to-pre-order-on-kickstarter.html]
[bleepbleeps.itsallmememe.com/blogs/posts/the-loop-50.html]
[bleepbleeps.itsallmememe.com/blogs/posts/how-to-teach-your-toddler-to-brush-their-teeth-properly.html]
[bleepbleeps.itsallmememe.com/blogs/posts/the-loop-49.html]
[bleepbleeps.itsallmememe.com/blogs/posts9ba9.html]
[bleepbleeps.itsallmememe.com/blogs/postsfdb0.html]
[bleepbleeps.itsallmememe.com/blogs/posts1448.html]
[bleepbleeps.itsallmememe.com/collections/POST.html]
[bleepbleeps.itsallmememe.com/products/suzy-snooze-smart-baby-monitor-sleep-trainer-nightlight.html]
[bleepbleeps.itsallmememe.com/products/sammy-screamer-motion-alarm.oembed]
[bleepbleeps.itsallmememe.com/blogs/posts0b08.html]
[bleepbleeps.itsallmememe.com/products/sammy-screamer-motion-alarm.html]
[bleepbleeps.itsallmememe.com/products/benjamin-brush-smart-music-toothbrush.oembed]
[bleepbleeps.itsallmememe.com/products/benjamin-brush-smart-music-toothbrush.html]
[bleepbleeps.itsallmememe.com/products/tony-tempa-smart-thermometer-pre-order.oembed]
[bleepbleeps.itsallmememe.com/products/tony-tempa-smart-thermometer-pre-order.html]
[bleepbleeps.itsallmememe.com/products/lily-loco-location-tracker-pre-order.oembed]
[bleepbleeps.itsallmememe.com/products/lily-loco-location-tracker-pre-order.html]
[bleepbleeps.itsallmememe.com/products/hungry-henry-smart-feed-warmer-pre-order.oembed]
[bleepbleeps.itsallmememe.com/products/hungry-henry-smart-feed-warmer-pre-order.html]
[bleepbleeps.itsallmememe.com/products/andy-cam-family-camera-video-baby-monitor-pre-order.oembed]
[bleepbleeps.itsallmememe.com/products/andy-cam-family-camera-video-baby-monitor-pre-order.html]
[bleepbleeps.itsallmememe.com/products/tommy-time-smartwatch-tracker.oembed]
[bleepbleeps.itsallmememe.com/products/tommy-time-smartwatch-tracker.html]
[bleepbleeps.itsallmememe.com/products/cable-for-suzy-snooze.oembed]
[bleepbleeps.itsallmememe.com/products/cable-for-suzy-snooze.html]
[bleepbleeps.itsallmememe.com/products/sammy-screamer-motion-alarm-2-pack-twins.html]
[bleepbleeps.itsallmememe.com/products/sammy-screamer-motion-alarm-3-pack-triplets.html]
[bleepbleeps.itsallmememe.com/collections/all.html]
[bleepbleeps.itsallmememe.com/pages/help.bleepbleeps.com]
[bleepbleeps.itsallmememe.com/pages/www.bleepbleeps.com]
[bleepbleeps.itsallmememe.com/pages/www.bleepbleeps.com/pages/privacy.html]
[bleepbleeps.itsallmememe.com/pages/www.bleepbleeps.com/pages/cookies.html]
[bleepbleeps.itsallmememe.com/pages/www.bleepbleeps.com/pages/terms-of-sale.html]
[bleepbleeps.itsallmememe.com/blogs/posts2679.html]
[bleepbleeps.itsallmememe.com/blogs/posts/tagged/featured4658.html]
[bleepbleeps.itsallmememe.com/blogs/posts/tagged/five-minutes-of4658.html]
[bleepbleeps.itsallmememe.com/blogs/posts/tagged/the-loop4658.html]
[bleepbleeps.itsallmememe.com/blogs/postsfdb0.html]
[bleepbleeps.itsallmememe.com/blogs/posts0b08.html]
[bleepbleeps.itsallmememe.com/collections/all.atom]
